

================================================================
== Vitis HLS Report for 'match_template'
================================================================
* Date:           Tue May 20 06:13:45 2025

* Version:        2024.2 (Build 5238294 on Nov  8 2024)
* Project:        hls
* Solution:       hls (Vivado IP Flow Target)
* Product family: spartan7
* Target device:  xc7s25-csga324-1


================================================================
== Performance Estimates
================================================================
+ Timing: 
    * Summary: 
    +--------+---------+----------+------------+
    |  Clock |  Target | Estimated| Uncertainty|
    +--------+---------+----------+------------+
    |ap_clk  |  3.30 ns|  3.950 ns|     0.89 ns|
    +--------+---------+----------+------------+

+ Latency: 
    * Summary: 
    +---------+---------+----------+----------+--------+--------+------------------------------------------------+
    |  Latency (cycles) |  Latency (absolute) |     Interval    |                    Pipeline                    |
    |   min   |   max   |    min   |    max   |   min  |   max  |                      Type                      |
    +---------+---------+----------+----------+--------+--------+------------------------------------------------+
    |   828118|   828118|  3.271 ms|  3.271 ms|  828100|  828100|  loop auto-rewind stp (delay=0 clock cycles(s))|
    +---------+---------+----------+----------+--------+--------+------------------------------------------------+

    + Detail: 
        * Instance: 
        N/A

        * Loop: 
        +---------------------+---------+---------+----------+-----------+-----------+------+----------+
        |                     |  Latency (cycles) | Iteration|  Initiation Interval  | Trip |          |
        |      Loop Name      |   min   |   max   |  Latency |  achieved |   target  | Count| Pipelined|
        +---------------------+---------+---------+----------+-----------+-----------+------+----------+
        |- row_loop_col_loop  |   828116|   828116|       117|        100|          1|  8281|       yes|
        +---------------------+---------+---------+----------+-----------+-----------+------+----------+



================================================================
== Utilization Estimates
================================================================
* Summary: 
+-----------------+---------+----+-------+-------+-----+
|       Name      | BRAM_18K| DSP|   FF  |  LUT  | URAM|
+-----------------+---------+----+-------+-------+-----+
|DSP              |        -|  64|      -|      -|    -|
|Expression       |        -|   -|      0|   2813|    -|
|FIFO             |        -|   -|      -|      -|    -|
|Instance         |        0|   4|    335|     77|    -|
|Memory           |        -|   -|      -|      -|    -|
|Multiplexer      |        -|   -|      0|    574|    -|
|Register         |        -|   -|   3648|      -|    -|
+-----------------+---------+----+-------+-------+-----+
|Total            |        0|  68|   3983|   3464|    0|
+-----------------+---------+----+-------+-------+-----+
|Available        |       90|  80|  29200|  14600|    0|
+-----------------+---------+----+-------+-------+-----+
|Utilization (%)  |        0|  85|     13|     23|    0|
+-----------------+---------+----+-------+-------+-----+

+ Detail: 
    * Instance: 
    +-------------------------+----------------------+---------+----+-----+----+-----+
    |         Instance        |        Module        | BRAM_18K| DSP|  FF | LUT| URAM|
    +-------------------------+----------------------+---------+----+-----+----+-----+
    |control_s_axi_U          |control_s_axi         |        0|   0|   36|  40|    0|
    |mul_32ns_34ns_55_5_1_U1  |mul_32ns_34ns_55_5_1  |        0|   4|  227|   1|    0|
    |mul_9s_9s_18_2_1_U2      |mul_9s_9s_18_2_1      |        0|   0|    2|   1|    0|
    |mul_9s_9s_18_2_1_U3      |mul_9s_9s_18_2_1      |        0|   0|    2|   1|    0|
    |mul_9s_9s_18_2_1_U4      |mul_9s_9s_18_2_1      |        0|   0|    2|   1|    0|
    |mul_9s_9s_18_2_1_U5      |mul_9s_9s_18_2_1      |        0|   0|    2|   1|    0|
    |mul_9s_9s_18_2_1_U6      |mul_9s_9s_18_2_1      |        0|   0|    2|   1|    0|
    |mul_9s_9s_18_2_1_U7      |mul_9s_9s_18_2_1      |        0|   0|    2|   1|    0|
    |mul_9s_9s_18_2_1_U8      |mul_9s_9s_18_2_1      |        0|   0|    2|   1|    0|
    |mul_9s_9s_18_2_1_U9      |mul_9s_9s_18_2_1      |        0|   0|    2|   1|    0|
    |mul_9s_9s_18_2_1_U10     |mul_9s_9s_18_2_1      |        0|   0|    2|   1|    0|
    |mul_9s_9s_18_2_1_U11     |mul_9s_9s_18_2_1      |        0|   0|    2|   1|    0|
    |mul_9s_9s_18_2_1_U12     |mul_9s_9s_18_2_1      |        0|   0|    2|   1|    0|
    |mul_9s_9s_18_2_1_U13     |mul_9s_9s_18_2_1      |        0|   0|    2|   1|    0|
    |mul_9s_9s_18_2_1_U14     |mul_9s_9s_18_2_1      |        0|   0|    2|   1|    0|
    |mul_9s_9s_18_2_1_U15     |mul_9s_9s_18_2_1      |        0|   0|    2|   1|    0|
    |mul_9s_9s_18_2_1_U16     |mul_9s_9s_18_2_1      |        0|   0|    2|   1|    0|
    |mul_9s_9s_18_2_1_U17     |mul_9s_9s_18_2_1      |        0|   0|    2|   1|    0|
    |mul_9s_9s_18_2_1_U18     |mul_9s_9s_18_2_1      |        0|   0|    2|   1|    0|
    |mul_9s_9s_18_2_1_U19     |mul_9s_9s_18_2_1      |        0|   0|    2|   1|    0|
    |mul_9s_9s_18_2_1_U20     |mul_9s_9s_18_2_1      |        0|   0|    2|   1|    0|
    |mul_9s_9s_18_2_1_U21     |mul_9s_9s_18_2_1      |        0|   0|    2|   1|    0|
    |mul_9s_9s_18_2_1_U22     |mul_9s_9s_18_2_1      |        0|   0|    2|   1|    0|
    |mul_9s_9s_18_2_1_U23     |mul_9s_9s_18_2_1      |        0|   0|    2|   1|    0|
    |mul_9s_9s_18_2_1_U24     |mul_9s_9s_18_2_1      |        0|   0|    2|   1|    0|
    |mul_9s_9s_18_2_1_U25     |mul_9s_9s_18_2_1      |        0|   0|    2|   1|    0|
    |mul_9s_9s_18_2_1_U26     |mul_9s_9s_18_2_1      |        0|   0|    2|   1|    0|
    |mul_9s_9s_18_2_1_U27     |mul_9s_9s_18_2_1      |        0|   0|    2|   1|    0|
    |mul_9s_9s_18_2_1_U28     |mul_9s_9s_18_2_1      |        0|   0|    2|   1|    0|
    |mul_9s_9s_18_2_1_U29     |mul_9s_9s_18_2_1      |        0|   0|    2|   1|    0|
    |mul_9s_9s_18_2_1_U30     |mul_9s_9s_18_2_1      |        0|   0|    2|   1|    0|
    |mul_9s_9s_18_2_1_U31     |mul_9s_9s_18_2_1      |        0|   0|    2|   1|    0|
    |mul_9s_9s_18_2_1_U32     |mul_9s_9s_18_2_1      |        0|   0|    2|   1|    0|
    |mul_9s_9s_18_2_1_U33     |mul_9s_9s_18_2_1      |        0|   0|    2|   1|    0|
    |mul_9s_9s_18_2_1_U34     |mul_9s_9s_18_2_1      |        0|   0|    2|   1|    0|
    |mul_9s_9s_18_2_1_U35     |mul_9s_9s_18_2_1      |        0|   0|    2|   1|    0|
    |mul_9s_9s_18_2_1_U36     |mul_9s_9s_18_2_1      |        0|   0|    2|   1|    0|
    |mul_9s_9s_18_2_1_U37     |mul_9s_9s_18_2_1      |        0|   0|    2|   1|    0|
    +-------------------------+----------------------+---------+----+-----+----+-----+
    |Total                    |                      |        0|   4|  335|  77|    0|
    +-------------------------+----------------------+---------+----+-----+----+-----+

    * DSP: 
    +----------------------------------+-----------------------------+--------------+
    |             Instance             |            Module           |  Expression  |
    +----------------------------------+-----------------------------+--------------+
    |mac_muladd_9s_9s_18s_18_4_1_U38   |mac_muladd_9s_9s_18s_18_4_1  |  i0 + i1 * i1|
    |mac_muladd_9s_9s_18s_18_4_1_U40   |mac_muladd_9s_9s_18s_18_4_1  |  i0 + i1 * i1|
    |mac_muladd_9s_9s_18s_18_4_1_U42   |mac_muladd_9s_9s_18s_18_4_1  |  i0 + i1 * i1|
    |mac_muladd_9s_9s_18s_18_4_1_U44   |mac_muladd_9s_9s_18s_18_4_1  |  i0 + i1 * i1|
    |mac_muladd_9s_9s_18s_18_4_1_U46   |mac_muladd_9s_9s_18s_18_4_1  |  i0 + i1 * i1|
    |mac_muladd_9s_9s_18s_18_4_1_U48   |mac_muladd_9s_9s_18s_18_4_1  |  i0 + i1 * i1|
    |mac_muladd_9s_9s_18s_18_4_1_U50   |mac_muladd_9s_9s_18s_18_4_1  |  i0 + i1 * i1|
    |mac_muladd_9s_9s_18s_18_4_1_U51   |mac_muladd_9s_9s_18s_18_4_1  |  i0 + i1 * i1|
    |mac_muladd_9s_9s_18s_18_4_1_U53   |mac_muladd_9s_9s_18s_18_4_1  |  i0 + i1 * i1|
    |mac_muladd_9s_9s_18s_18_4_1_U54   |mac_muladd_9s_9s_18s_18_4_1  |  i0 + i1 * i1|
    |mac_muladd_9s_9s_18s_18_4_1_U56   |mac_muladd_9s_9s_18s_18_4_1  |  i0 + i1 * i1|
    |mac_muladd_9s_9s_18s_18_4_1_U58   |mac_muladd_9s_9s_18s_18_4_1  |  i0 + i1 * i1|
    |mac_muladd_9s_9s_18s_18_4_1_U60   |mac_muladd_9s_9s_18s_18_4_1  |  i0 + i1 * i1|
    |mac_muladd_9s_9s_18s_18_4_1_U62   |mac_muladd_9s_9s_18s_18_4_1  |  i0 + i1 * i1|
    |mac_muladd_9s_9s_18s_18_4_1_U64   |mac_muladd_9s_9s_18s_18_4_1  |  i0 + i1 * i1|
    |mac_muladd_9s_9s_18s_18_4_1_U66   |mac_muladd_9s_9s_18s_18_4_1  |  i0 + i1 * i1|
    |mac_muladd_9s_9s_18s_18_4_1_U67   |mac_muladd_9s_9s_18s_18_4_1  |  i0 + i1 * i1|
    |mac_muladd_9s_9s_18s_18_4_1_U69   |mac_muladd_9s_9s_18s_18_4_1  |  i0 + i1 * i1|
    |mac_muladd_9s_9s_18s_18_4_1_U70   |mac_muladd_9s_9s_18s_18_4_1  |  i0 + i1 * i1|
    |mac_muladd_9s_9s_18s_18_4_1_U72   |mac_muladd_9s_9s_18s_18_4_1  |  i0 + i1 * i1|
    |mac_muladd_9s_9s_18s_18_4_1_U74   |mac_muladd_9s_9s_18s_18_4_1  |  i0 + i1 * i1|
    |mac_muladd_9s_9s_18s_18_4_1_U76   |mac_muladd_9s_9s_18s_18_4_1  |  i0 + i1 * i1|
    |mac_muladd_9s_9s_18s_18_4_1_U78   |mac_muladd_9s_9s_18s_18_4_1  |  i0 + i1 * i1|
    |mac_muladd_9s_9s_18s_18_4_1_U80   |mac_muladd_9s_9s_18s_18_4_1  |  i0 + i1 * i1|
    |mac_muladd_9s_9s_18s_18_4_1_U82   |mac_muladd_9s_9s_18s_18_4_1  |  i0 + i1 * i1|
    |mac_muladd_9s_9s_18s_18_4_1_U83   |mac_muladd_9s_9s_18s_18_4_1  |  i0 + i1 * i1|
    |mac_muladd_9s_9s_18s_18_4_1_U85   |mac_muladd_9s_9s_18s_18_4_1  |  i0 + i1 * i1|
    |mac_muladd_9s_9s_18s_18_4_1_U86   |mac_muladd_9s_9s_18s_18_4_1  |  i0 + i1 * i1|
    |mac_muladd_9s_9s_18s_18_4_1_U88   |mac_muladd_9s_9s_18s_18_4_1  |  i0 + i1 * i1|
    |mac_muladd_9s_9s_18s_18_4_1_U90   |mac_muladd_9s_9s_18s_18_4_1  |  i0 + i1 * i1|
    |mac_muladd_9s_9s_18s_18_4_1_U92   |mac_muladd_9s_9s_18s_18_4_1  |  i0 + i1 * i1|
    |mac_muladd_9s_9s_18s_18_4_1_U94   |mac_muladd_9s_9s_18s_18_4_1  |  i0 + i1 * i1|
    |mac_muladd_9s_9s_18s_18_4_1_U96   |mac_muladd_9s_9s_18s_18_4_1  |  i0 + i1 * i1|
    |mac_muladd_9s_9s_18s_18_4_1_U98   |mac_muladd_9s_9s_18s_18_4_1  |  i0 + i1 * i1|
    |mac_muladd_9s_9s_18s_18_4_1_U99   |mac_muladd_9s_9s_18s_18_4_1  |  i0 + i1 * i1|
    |mac_muladd_9s_9s_18s_18_4_1_U101  |mac_muladd_9s_9s_18s_18_4_1  |  i0 + i1 * i1|
    |mac_muladd_9s_9s_18s_19_4_1_U39   |mac_muladd_9s_9s_18s_19_4_1  |  i0 + i1 * i1|
    |mac_muladd_9s_9s_18s_19_4_1_U41   |mac_muladd_9s_9s_18s_19_4_1  |  i0 + i1 * i1|
    |mac_muladd_9s_9s_18s_19_4_1_U43   |mac_muladd_9s_9s_18s_19_4_1  |  i0 + i1 * i1|
    |mac_muladd_9s_9s_18s_19_4_1_U45   |mac_muladd_9s_9s_18s_19_4_1  |  i0 + i1 * i1|
    |mac_muladd_9s_9s_18s_19_4_1_U47   |mac_muladd_9s_9s_18s_19_4_1  |  i0 + i1 * i1|
    |mac_muladd_9s_9s_18s_19_4_1_U49   |mac_muladd_9s_9s_18s_19_4_1  |  i0 + i1 * i1|
    |mac_muladd_9s_9s_18s_19_4_1_U52   |mac_muladd_9s_9s_18s_19_4_1  |  i0 + i1 * i1|
    |mac_muladd_9s_9s_18s_19_4_1_U55   |mac_muladd_9s_9s_18s_19_4_1  |  i0 + i1 * i1|
    |mac_muladd_9s_9s_18s_19_4_1_U57   |mac_muladd_9s_9s_18s_19_4_1  |  i0 + i1 * i1|
    |mac_muladd_9s_9s_18s_19_4_1_U59   |mac_muladd_9s_9s_18s_19_4_1  |  i0 + i1 * i1|
    |mac_muladd_9s_9s_18s_19_4_1_U61   |mac_muladd_9s_9s_18s_19_4_1  |  i0 + i1 * i1|
    |mac_muladd_9s_9s_18s_19_4_1_U63   |mac_muladd_9s_9s_18s_19_4_1  |  i0 + i1 * i1|
    |mac_muladd_9s_9s_18s_19_4_1_U65   |mac_muladd_9s_9s_18s_19_4_1  |  i0 + i1 * i1|
    |mac_muladd_9s_9s_18s_19_4_1_U68   |mac_muladd_9s_9s_18s_19_4_1  |  i0 + i1 * i1|
    |mac_muladd_9s_9s_18s_19_4_1_U71   |mac_muladd_9s_9s_18s_19_4_1  |  i0 + i1 * i1|
    |mac_muladd_9s_9s_18s_19_4_1_U73   |mac_muladd_9s_9s_18s_19_4_1  |  i0 + i1 * i1|
    |mac_muladd_9s_9s_18s_19_4_1_U75   |mac_muladd_9s_9s_18s_19_4_1  |  i0 + i1 * i1|
    |mac_muladd_9s_9s_18s_19_4_1_U77   |mac_muladd_9s_9s_18s_19_4_1  |  i0 + i1 * i1|
    |mac_muladd_9s_9s_18s_19_4_1_U79   |mac_muladd_9s_9s_18s_19_4_1  |  i0 + i1 * i1|
    |mac_muladd_9s_9s_18s_19_4_1_U81   |mac_muladd_9s_9s_18s_19_4_1  |  i0 + i1 * i1|
    |mac_muladd_9s_9s_18s_19_4_1_U84   |mac_muladd_9s_9s_18s_19_4_1  |  i0 + i1 * i1|
    |mac_muladd_9s_9s_18s_19_4_1_U87   |mac_muladd_9s_9s_18s_19_4_1  |  i0 + i1 * i1|
    |mac_muladd_9s_9s_18s_19_4_1_U89   |mac_muladd_9s_9s_18s_19_4_1  |  i0 + i1 * i1|
    |mac_muladd_9s_9s_18s_19_4_1_U91   |mac_muladd_9s_9s_18s_19_4_1  |  i0 + i1 * i1|
    |mac_muladd_9s_9s_18s_19_4_1_U93   |mac_muladd_9s_9s_18s_19_4_1  |  i0 + i1 * i1|
    |mac_muladd_9s_9s_18s_19_4_1_U95   |mac_muladd_9s_9s_18s_19_4_1  |  i0 + i1 * i1|
    |mac_muladd_9s_9s_18s_19_4_1_U97   |mac_muladd_9s_9s_18s_19_4_1  |  i0 + i1 * i1|
    |mac_muladd_9s_9s_18s_19_4_1_U100  |mac_muladd_9s_9s_18s_19_4_1  |  i0 + i1 * i1|
    +----------------------------------+-----------------------------+--------------+

    * Memory: 
    N/A

    * FIFO: 
    N/A

    * Expression: 
    +-------------------------------------+----------+----+---+----+------------+------------+
    |            Variable Name            | Operation| DSP| FF| LUT| Bitwidth P0| Bitwidth P1|
    +-------------------------------------+----------+----+---+----+------------+------------+
    |add_ln13_fu_156_p2                   |         +|   0|  0|  21|          14|           1|
    |add_ln28_10_fu_553_p2                |         +|   0|  0|  28|          21|          21|
    |add_ln28_15_fu_694_p2                |         +|   0|  0|  27|          20|          20|
    |add_ln28_20_fu_780_p2                |         +|   0|  0|  26|          19|          19|
    |add_ln28_21_fu_818_p2                |         +|   0|  0|  27|          20|          20|
    |add_ln28_22_fu_833_p2                |         +|   0|  0|  28|          21|          21|
    |add_ln28_23_fu_873_p2                |         +|   0|  0|  29|          22|          22|
    |add_ln28_28_fu_977_p2                |         +|   0|  0|  27|          20|          20|
    |add_ln28_33_fu_1109_p2               |         +|   0|  0|  27|          20|          20|
    |add_ln28_34_fu_1149_p2               |         +|   0|  0|  28|          21|          21|
    |add_ln28_39_fu_1290_p2               |         +|   0|  0|  27|          20|          20|
    |add_ln28_44_fu_1376_p2               |         +|   0|  0|  26|          19|          19|
    |add_ln28_45_fu_1414_p2               |         +|   0|  0|  27|          20|          20|
    |add_ln28_46_fu_1429_p2               |         +|   0|  0|  28|          21|          21|
    |add_ln28_47_fu_1469_p2               |         +|   0|  0|  29|          22|          22|
    |add_ln28_48_fu_1510_p2               |         +|   0|  0|  30|          23|          23|
    |add_ln28_4_fu_381_p2                 |         +|   0|  0|  27|          20|          20|
    |add_ln28_53_fu_1585_p2               |         +|   0|  0|  27|          20|          20|
    |add_ln28_58_fu_1717_p2               |         +|   0|  0|  27|          20|          20|
    |add_ln28_59_fu_1757_p2               |         +|   0|  0|  28|          21|          21|
    |add_ln28_64_fu_1898_p2               |         +|   0|  0|  27|          20|          20|
    |add_ln28_69_fu_1984_p2               |         +|   0|  0|  26|          19|          19|
    |add_ln28_70_fu_2022_p2               |         +|   0|  0|  27|          20|          20|
    |add_ln28_71_fu_2037_p2               |         +|   0|  0|  28|          21|          21|
    |add_ln28_72_fu_2077_p2               |         +|   0|  0|  29|          22|          22|
    |add_ln28_77_fu_2181_p2               |         +|   0|  0|  27|          20|          20|
    |add_ln28_82_fu_2313_p2               |         +|   0|  0|  27|          20|          20|
    |add_ln28_83_fu_2353_p2               |         +|   0|  0|  28|          21|          21|
    |add_ln28_88_fu_2494_p2               |         +|   0|  0|  27|          20|          20|
    |add_ln28_93_fu_2512_p2               |         +|   0|  0|  26|          19|          19|
    |add_ln28_94_fu_2524_p2               |         +|   0|  0|  27|          20|          20|
    |add_ln28_95_fu_2536_p2               |         +|   0|  0|  28|          21|          21|
    |add_ln28_96_fu_2548_p2               |         +|   0|  0|  29|          22|          22|
    |add_ln28_97_fu_2560_p2               |         +|   0|  0|  30|          23|          23|
    |add_ln28_9_fu_513_p2                 |         +|   0|  0|  27|          20|          20|
    |rsum_fu_2572_p2                      |         +|   0|  0|  31|          24|          24|
    |diff_10_fu_337_p2                    |         -|   0|  0|  16|           9|           9|
    |diff_11_fu_360_p2                    |         -|   0|  0|  16|           9|           9|
    |diff_12_fu_455_p2                    |         -|   0|  0|  16|           9|           9|
    |diff_13_fu_409_p2                    |         -|   0|  0|  16|           9|           9|
    |diff_14_fu_432_p2                    |         -|   0|  0|  16|           9|           9|
    |diff_15_fu_527_p2                    |         -|   0|  0|  16|           9|           9|
    |diff_16_fu_469_p2                    |         -|   0|  0|  16|           9|           9|
    |diff_17_fu_492_p2                    |         -|   0|  0|  16|           9|           9|
    |diff_18_fu_639_p2                    |         -|   0|  0|  16|           9|           9|
    |diff_19_fu_541_p2                    |         -|   0|  0|  16|           9|           9|
    |diff_1_fu_206_p2                     |         -|   0|  0|  16|           9|           9|
    |diff_20_fu_576_p2                    |         -|   0|  0|  16|           9|           9|
    |diff_21_fu_599_p2                    |         -|   0|  0|  16|           9|           9|
    |diff_22_fu_616_p2                    |         -|   0|  0|  16|           9|           9|
    |diff_23_fu_656_p2                    |         -|   0|  0|  16|           9|           9|
    |diff_24_fu_676_p2                    |         -|   0|  0|  16|           9|           9|
    |diff_25_fu_754_p2                    |         -|   0|  0|  16|           9|           9|
    |diff_26_fu_711_p2                    |         -|   0|  0|  16|           9|           9|
    |diff_27_fu_731_p2                    |         -|   0|  0|  16|           9|           9|
    |diff_28_fu_847_p2                    |         -|   0|  0|  16|           9|           9|
    |diff_29_fu_768_p2                    |         -|   0|  0|  16|           9|           9|
    |diff_2_fu_189_p2                     |         -|   0|  0|  16|           9|           9|
    |diff_30_fu_800_p2                    |         -|   0|  0|  16|           9|           9|
    |diff_31_fu_919_p2                    |         -|   0|  0|  16|           9|           9|
    |diff_32_fu_861_p2                    |         -|   0|  0|  16|           9|           9|
    |diff_33_fu_896_p2                    |         -|   0|  0|  16|           9|           9|
    |diff_34_fu_991_p2                    |         -|   0|  0|  16|           9|           9|
    |diff_35_fu_933_p2                    |         -|   0|  0|  16|           9|           9|
    |diff_36_fu_956_p2                    |         -|   0|  0|  16|           9|           9|
    |diff_37_fu_1051_p2                   |         -|   0|  0|  16|           9|           9|
    |diff_38_fu_1005_p2                   |         -|   0|  0|  16|           9|           9|
    |diff_39_fu_1028_p2                   |         -|   0|  0|  16|           9|           9|
    |diff_3_fu_263_p2                     |         -|   0|  0|  16|           9|           9|
    |diff_40_fu_1123_p2                   |         -|   0|  0|  16|           9|           9|
    |diff_41_fu_1065_p2                   |         -|   0|  0|  16|           9|           9|
    |diff_42_fu_1088_p2                   |         -|   0|  0|  16|           9|           9|
    |diff_43_fu_1235_p2                   |         -|   0|  0|  16|           9|           9|
    |diff_44_fu_1137_p2                   |         -|   0|  0|  16|           9|           9|
    |diff_45_fu_1172_p2                   |         -|   0|  0|  16|           9|           9|
    |diff_46_fu_1195_p2                   |         -|   0|  0|  16|           9|           9|
    |diff_47_fu_1212_p2                   |         -|   0|  0|  16|           9|           9|
    |diff_48_fu_1252_p2                   |         -|   0|  0|  16|           9|           9|
    |diff_49_fu_1272_p2                   |         -|   0|  0|  16|           9|           9|
    |diff_4_fu_220_p2                     |         -|   0|  0|  16|           9|           9|
    |diff_50_fu_1350_p2                   |         -|   0|  0|  16|           9|           9|
    |diff_51_fu_1307_p2                   |         -|   0|  0|  16|           9|           9|
    |diff_52_fu_1327_p2                   |         -|   0|  0|  16|           9|           9|
    |diff_53_fu_1443_p2                   |         -|   0|  0|  16|           9|           9|
    |diff_54_fu_1364_p2                   |         -|   0|  0|  16|           9|           9|
    |diff_55_fu_1396_p2                   |         -|   0|  0|  16|           9|           9|
    |diff_56_fu_1527_p2                   |         -|   0|  0|  16|           9|           9|
    |diff_57_fu_1457_p2                   |         -|   0|  0|  16|           9|           9|
    |diff_58_fu_1492_p2                   |         -|   0|  0|  16|           9|           9|
    |diff_59_fu_1599_p2                   |         -|   0|  0|  16|           9|           9|
    |diff_5_fu_240_p2                     |         -|   0|  0|  16|           9|           9|
    |diff_60_fu_1541_p2                   |         -|   0|  0|  16|           9|           9|
    |diff_61_fu_1564_p2                   |         -|   0|  0|  16|           9|           9|
    |diff_62_fu_1659_p2                   |         -|   0|  0|  16|           9|           9|
    |diff_63_fu_1613_p2                   |         -|   0|  0|  16|           9|           9|
    |diff_64_fu_1636_p2                   |         -|   0|  0|  16|           9|           9|
    |diff_65_fu_1731_p2                   |         -|   0|  0|  16|           9|           9|
    |diff_66_fu_1673_p2                   |         -|   0|  0|  16|           9|           9|
    |diff_67_fu_1696_p2                   |         -|   0|  0|  16|           9|           9|
    |diff_68_fu_1843_p2                   |         -|   0|  0|  16|           9|           9|
    |diff_69_fu_1745_p2                   |         -|   0|  0|  16|           9|           9|
    |diff_6_fu_323_p2                     |         -|   0|  0|  16|           9|           9|
    |diff_70_fu_1780_p2                   |         -|   0|  0|  16|           9|           9|
    |diff_71_fu_1803_p2                   |         -|   0|  0|  16|           9|           9|
    |diff_72_fu_1820_p2                   |         -|   0|  0|  16|           9|           9|
    |diff_73_fu_1860_p2                   |         -|   0|  0|  16|           9|           9|
    |diff_74_fu_1880_p2                   |         -|   0|  0|  16|           9|           9|
    |diff_75_fu_1958_p2                   |         -|   0|  0|  16|           9|           9|
    |diff_76_fu_1915_p2                   |         -|   0|  0|  16|           9|           9|
    |diff_77_fu_1935_p2                   |         -|   0|  0|  16|           9|           9|
    |diff_78_fu_2051_p2                   |         -|   0|  0|  16|           9|           9|
    |diff_79_fu_1972_p2                   |         -|   0|  0|  16|           9|           9|
    |diff_7_fu_277_p2                     |         -|   0|  0|  16|           9|           9|
    |diff_80_fu_2004_p2                   |         -|   0|  0|  16|           9|           9|
    |diff_81_fu_2123_p2                   |         -|   0|  0|  16|           9|           9|
    |diff_82_fu_2065_p2                   |         -|   0|  0|  16|           9|           9|
    |diff_83_fu_2100_p2                   |         -|   0|  0|  16|           9|           9|
    |diff_84_fu_2195_p2                   |         -|   0|  0|  16|           9|           9|
    |diff_85_fu_2137_p2                   |         -|   0|  0|  16|           9|           9|
    |diff_86_fu_2160_p2                   |         -|   0|  0|  16|           9|           9|
    |diff_87_fu_2255_p2                   |         -|   0|  0|  16|           9|           9|
    |diff_88_fu_2209_p2                   |         -|   0|  0|  16|           9|           9|
    |diff_89_fu_2232_p2                   |         -|   0|  0|  16|           9|           9|
    |diff_8_fu_300_p2                     |         -|   0|  0|  16|           9|           9|
    |diff_90_fu_2327_p2                   |         -|   0|  0|  16|           9|           9|
    |diff_91_fu_2269_p2                   |         -|   0|  0|  16|           9|           9|
    |diff_92_fu_2292_p2                   |         -|   0|  0|  16|           9|           9|
    |diff_93_fu_2439_p2                   |         -|   0|  0|  16|           9|           9|
    |diff_94_fu_2341_p2                   |         -|   0|  0|  16|           9|           9|
    |diff_95_fu_2376_p2                   |         -|   0|  0|  16|           9|           9|
    |diff_96_fu_2399_p2                   |         -|   0|  0|  16|           9|           9|
    |diff_97_fu_2416_p2                   |         -|   0|  0|  16|           9|           9|
    |diff_98_fu_2456_p2                   |         -|   0|  0|  16|           9|           9|
    |diff_99_fu_2476_p2                   |         -|   0|  0|  16|           9|           9|
    |diff_9_fu_395_p2                     |         -|   0|  0|  16|           9|           9|
    |diff_fu_150_p2                       |         -|   0|  0|  16|           9|           9|
    |ap_block_pp0_stage0_11001            |       and|   0|  0|   2|           1|           1|
    |ap_block_pp0_stage10_11001           |       and|   0|  0|   2|           1|           1|
    |ap_block_pp0_stage11_11001           |       and|   0|  0|   2|           1|           1|
    |ap_block_pp0_stage12_11001           |       and|   0|  0|   2|           1|           1|
    |ap_block_pp0_stage13_11001           |       and|   0|  0|   2|           1|           1|
    |ap_block_pp0_stage14_11001           |       and|   0|  0|   2|           1|           1|
    |ap_block_pp0_stage15_11001           |       and|   0|  0|   2|           1|           1|
    |ap_block_pp0_stage17_11001           |       and|   0|  0|   2|           1|           1|
    |ap_block_pp0_stage18_11001           |       and|   0|  0|   2|           1|           1|
    |ap_block_pp0_stage19_11001           |       and|   0|  0|   2|           1|           1|
    |ap_block_pp0_stage1_11001            |       and|   0|  0|   2|           1|           1|
    |ap_block_pp0_stage20_11001           |       and|   0|  0|   2|           1|           1|
    |ap_block_pp0_stage21_11001           |       and|   0|  0|   2|           1|           1|
    |ap_block_pp0_stage22_11001           |       and|   0|  0|   2|           1|           1|
    |ap_block_pp0_stage23_11001           |       and|   0|  0|   2|           1|           1|
    |ap_block_pp0_stage24_11001           |       and|   0|  0|   2|           1|           1|
    |ap_block_pp0_stage25_11001           |       and|   0|  0|   2|           1|           1|
    |ap_block_pp0_stage26_11001           |       and|   0|  0|   2|           1|           1|
    |ap_block_pp0_stage27_11001           |       and|   0|  0|   2|           1|           1|
    |ap_block_pp0_stage28_11001           |       and|   0|  0|   2|           1|           1|
    |ap_block_pp0_stage29_11001           |       and|   0|  0|   2|           1|           1|
    |ap_block_pp0_stage2_11001            |       and|   0|  0|   2|           1|           1|
    |ap_block_pp0_stage30_11001           |       and|   0|  0|   2|           1|           1|
    |ap_block_pp0_stage31_11001           |       and|   0|  0|   2|           1|           1|
    |ap_block_pp0_stage32_11001           |       and|   0|  0|   2|           1|           1|
    |ap_block_pp0_stage33_11001           |       and|   0|  0|   2|           1|           1|
    |ap_block_pp0_stage34_11001           |       and|   0|  0|   2|           1|           1|
    |ap_block_pp0_stage35_11001           |       and|   0|  0|   2|           1|           1|
    |ap_block_pp0_stage36_11001           |       and|   0|  0|   2|           1|           1|
    |ap_block_pp0_stage37_11001           |       and|   0|  0|   2|           1|           1|
    |ap_block_pp0_stage38_11001           |       and|   0|  0|   2|           1|           1|
    |ap_block_pp0_stage39_11001           |       and|   0|  0|   2|           1|           1|
    |ap_block_pp0_stage3_11001            |       and|   0|  0|   2|           1|           1|
    |ap_block_pp0_stage40_11001           |       and|   0|  0|   2|           1|           1|
    |ap_block_pp0_stage41_11001           |       and|   0|  0|   2|           1|           1|
    |ap_block_pp0_stage42_11001           |       and|   0|  0|   2|           1|           1|
    |ap_block_pp0_stage43_11001           |       and|   0|  0|   2|           1|           1|
    |ap_block_pp0_stage44_11001           |       and|   0|  0|   2|           1|           1|
    |ap_block_pp0_stage45_11001           |       and|   0|  0|   2|           1|           1|
    |ap_block_pp0_stage46_11001           |       and|   0|  0|   2|           1|           1|
    |ap_block_pp0_stage47_11001           |       and|   0|  0|   2|           1|           1|
    |ap_block_pp0_stage48_11001           |       and|   0|  0|   2|           1|           1|
    |ap_block_pp0_stage49_11001           |       and|   0|  0|   2|           1|           1|
    |ap_block_pp0_stage4_11001            |       and|   0|  0|   2|           1|           1|
    |ap_block_pp0_stage50_11001           |       and|   0|  0|   2|           1|           1|
    |ap_block_pp0_stage51_11001           |       and|   0|  0|   2|           1|           1|
    |ap_block_pp0_stage52_11001           |       and|   0|  0|   2|           1|           1|
    |ap_block_pp0_stage53_11001           |       and|   0|  0|   2|           1|           1|
    |ap_block_pp0_stage54_11001           |       and|   0|  0|   2|           1|           1|
    |ap_block_pp0_stage55_11001           |       and|   0|  0|   2|           1|           1|
    |ap_block_pp0_stage56_11001           |       and|   0|  0|   2|           1|           1|
    |ap_block_pp0_stage57_11001           |       and|   0|  0|   2|           1|           1|
    |ap_block_pp0_stage58_11001           |       and|   0|  0|   2|           1|           1|
    |ap_block_pp0_stage59_11001           |       and|   0|  0|   2|           1|           1|
    |ap_block_pp0_stage5_11001            |       and|   0|  0|   2|           1|           1|
    |ap_block_pp0_stage60_11001           |       and|   0|  0|   2|           1|           1|
    |ap_block_pp0_stage61_11001           |       and|   0|  0|   2|           1|           1|
    |ap_block_pp0_stage62_11001           |       and|   0|  0|   2|           1|           1|
    |ap_block_pp0_stage63_11001           |       and|   0|  0|   2|           1|           1|
    |ap_block_pp0_stage64_11001           |       and|   0|  0|   2|           1|           1|
    |ap_block_pp0_stage65_11001           |       and|   0|  0|   2|           1|           1|
    |ap_block_pp0_stage66_11001           |       and|   0|  0|   2|           1|           1|
    |ap_block_pp0_stage67_11001           |       and|   0|  0|   2|           1|           1|
    |ap_block_pp0_stage68_11001           |       and|   0|  0|   2|           1|           1|
    |ap_block_pp0_stage69_11001           |       and|   0|  0|   2|           1|           1|
    |ap_block_pp0_stage6_11001            |       and|   0|  0|   2|           1|           1|
    |ap_block_pp0_stage70_11001           |       and|   0|  0|   2|           1|           1|
    |ap_block_pp0_stage71_11001           |       and|   0|  0|   2|           1|           1|
    |ap_block_pp0_stage72_11001           |       and|   0|  0|   2|           1|           1|
    |ap_block_pp0_stage73_11001           |       and|   0|  0|   2|           1|           1|
    |ap_block_pp0_stage74_11001           |       and|   0|  0|   2|           1|           1|
    |ap_block_pp0_stage75_11001           |       and|   0|  0|   2|           1|           1|
    |ap_block_pp0_stage76_11001           |       and|   0|  0|   2|           1|           1|
    |ap_block_pp0_stage77_11001           |       and|   0|  0|   2|           1|           1|
    |ap_block_pp0_stage78_11001           |       and|   0|  0|   2|           1|           1|
    |ap_block_pp0_stage79_11001           |       and|   0|  0|   2|           1|           1|
    |ap_block_pp0_stage7_11001            |       and|   0|  0|   2|           1|           1|
    |ap_block_pp0_stage80_11001           |       and|   0|  0|   2|           1|           1|
    |ap_block_pp0_stage81_11001           |       and|   0|  0|   2|           1|           1|
    |ap_block_pp0_stage82_11001           |       and|   0|  0|   2|           1|           1|
    |ap_block_pp0_stage83_11001           |       and|   0|  0|   2|           1|           1|
    |ap_block_pp0_stage84_11001           |       and|   0|  0|   2|           1|           1|
    |ap_block_pp0_stage85_11001           |       and|   0|  0|   2|           1|           1|
    |ap_block_pp0_stage86_11001           |       and|   0|  0|   2|           1|           1|
    |ap_block_pp0_stage87_11001           |       and|   0|  0|   2|           1|           1|
    |ap_block_pp0_stage88_11001           |       and|   0|  0|   2|           1|           1|
    |ap_block_pp0_stage89_11001           |       and|   0|  0|   2|           1|           1|
    |ap_block_pp0_stage8_11001            |       and|   0|  0|   2|           1|           1|
    |ap_block_pp0_stage90_11001           |       and|   0|  0|   2|           1|           1|
    |ap_block_pp0_stage91_11001           |       and|   0|  0|   2|           1|           1|
    |ap_block_pp0_stage92_11001           |       and|   0|  0|   2|           1|           1|
    |ap_block_pp0_stage93_11001           |       and|   0|  0|   2|           1|           1|
    |ap_block_pp0_stage94_11001           |       and|   0|  0|   2|           1|           1|
    |ap_block_pp0_stage95_11001           |       and|   0|  0|   2|           1|           1|
    |ap_block_pp0_stage96_11001           |       and|   0|  0|   2|           1|           1|
    |ap_block_pp0_stage97_11001           |       and|   0|  0|   2|           1|           1|
    |ap_block_pp0_stage98_11001           |       and|   0|  0|   2|           1|           1|
    |ap_block_pp0_stage99_11001           |       and|   0|  0|   2|           1|           1|
    |ap_block_pp0_stage9_11001            |       and|   0|  0|   2|           1|           1|
    |icmp_ln13_fu_162_p2                  |      icmp|   0|  0|  21|          14|          14|
    |ap_block_pp0_stage16_01001           |        or|   0|  0|   2|           1|           1|
    |ap_block_state100_pp0_stage99_iter0  |        or|   0|  0|   2|           1|           1|
    |ap_enable_pp0                        |       xor|   0|  0|   2|           1|           2|
    +-------------------------------------+----------+----+---+----+------------+------------+
    |Total                                |          |   0|  0|2813|        1752|        1740|
    +-------------------------------------+----------+----+---+----+------------+------------+

    * Multiplexer: 
    +----------------------------------+-----+-----------+-----+-----------+
    |               Name               | LUT | Input Size| Bits| Total Bits|
    +----------------------------------+-----+-----------+-----+-----------+
    |ap_NS_fsm                         |  502|        101|    1|        101|
    |ap_done_int                       |    9|          2|    1|          2|
    |ap_enable_reg_pp0_iter0           |    9|          2|    1|          2|
    |ap_enable_reg_pp0_iter1           |    9|          2|    1|          2|
    |ap_loop_exit_ready_pp0_iter1_reg  |    9|          2|    1|          2|
    |img_in_data_blk_n                 |    9|          2|    1|          2|
    |img_out_data_blk_n                |    9|          2|    1|          2|
    |img_template_data_blk_n           |    9|          2|    1|          2|
    |indvar_flatten2_fu_82             |    9|          2|   14|         28|
    +----------------------------------+-----+-----------+-----+-----------+
    |Total                             |  574|        117|   22|        143|
    +----------------------------------+-----+-----------+-----+-----------+

    * Register: 
    +----------------------------------+-----+----+-----+-----------+
    |               Name               |  FF | LUT| Bits| Const Bits|
    +----------------------------------+-----+----+-----+-----------+
    |add_ln13_reg_3084                 |   14|   0|   14|          0|
    |add_ln28_10_reg_3390              |   21|   0|   21|          0|
    |add_ln28_11_reg_3375              |   18|   0|   18|          0|
    |add_ln28_12_reg_3417              |   19|   0|   19|          0|
    |add_ln28_13_reg_3438              |   18|   0|   18|          0|
    |add_ln28_14_reg_3480              |   19|   0|   19|          0|
    |add_ln28_15_reg_3502              |   20|   0|   20|          0|
    |add_ln28_16_reg_3507              |   18|   0|   18|          0|
    |add_ln28_17_reg_3549              |   19|   0|   19|          0|
    |add_ln28_18_reg_3533              |   18|   0|   18|          0|
    |add_ln28_19_reg_3565              |   18|   0|   18|          0|
    |add_ln28_1_reg_3190               |   19|   0|   19|          0|
    |add_ln28_20_reg_3580              |   19|   0|   19|          0|
    |add_ln28_21_reg_3602              |   20|   0|   20|          0|
    |add_ln28_22_reg_3618              |   21|   0|   21|          0|
    |add_ln28_23_reg_3638              |   22|   0|   22|          0|
    |add_ln28_24_reg_3623              |   18|   0|   18|          0|
    |add_ln28_25_reg_3665              |   19|   0|   19|          0|
    |add_ln28_26_reg_3681              |   18|   0|   18|          0|
    |add_ln28_27_reg_3718              |   19|   0|   19|          0|
    |add_ln28_28_reg_3734              |   20|   0|   20|          0|
    |add_ln28_29_reg_3739              |   18|   0|   18|          0|
    |add_ln28_2_reg_3206               |   18|   0|   18|          0|
    |add_ln28_30_reg_3776              |   19|   0|   19|          0|
    |add_ln28_31_reg_3792              |   18|   0|   18|          0|
    |add_ln28_32_reg_3829              |   19|   0|   19|          0|
    |add_ln28_33_reg_3845              |   20|   0|   20|          0|
    |add_ln28_34_reg_3865              |   21|   0|   21|          0|
    |add_ln28_35_reg_3850              |   18|   0|   18|          0|
    |add_ln28_36_reg_3892              |   19|   0|   19|          0|
    |add_ln28_37_reg_3913              |   18|   0|   18|          0|
    |add_ln28_38_reg_3955              |   19|   0|   19|          0|
    |add_ln28_39_reg_3977              |   20|   0|   20|          0|
    |add_ln28_3_reg_3243               |   19|   0|   19|          0|
    |add_ln28_40_reg_3982              |   18|   0|   18|          0|
    |add_ln28_41_reg_4024              |   19|   0|   19|          0|
    |add_ln28_42_reg_4008              |   18|   0|   18|          0|
    |add_ln28_43_reg_4040              |   18|   0|   18|          0|
    |add_ln28_44_reg_4055              |   19|   0|   19|          0|
    |add_ln28_45_reg_4077              |   20|   0|   20|          0|
    |add_ln28_46_reg_4093              |   21|   0|   21|          0|
    |add_ln28_47_reg_4113              |   22|   0|   22|          0|
    |add_ln28_48_reg_4140              |   23|   0|   23|          0|
    |add_ln28_49_reg_4098              |   18|   0|   18|          0|
    |add_ln28_4_reg_3259               |   20|   0|   20|          0|
    |add_ln28_50_reg_4145              |   19|   0|   19|          0|
    |add_ln28_51_reg_4161              |   18|   0|   18|          0|
    |add_ln28_52_reg_4198              |   19|   0|   19|          0|
    |add_ln28_53_reg_4214              |   20|   0|   20|          0|
    |add_ln28_54_reg_4219              |   18|   0|   18|          0|
    |add_ln28_55_reg_4256              |   19|   0|   19|          0|
    |add_ln28_56_reg_4272              |   18|   0|   18|          0|
    |add_ln28_57_reg_4309              |   19|   0|   19|          0|
    |add_ln28_58_reg_4325              |   20|   0|   20|          0|
    |add_ln28_59_reg_4345              |   21|   0|   21|          0|
    |add_ln28_5_reg_3264               |   18|   0|   18|          0|
    |add_ln28_60_reg_4330              |   18|   0|   18|          0|
    |add_ln28_61_reg_4372              |   19|   0|   19|          0|
    |add_ln28_62_reg_4393              |   18|   0|   18|          0|
    |add_ln28_63_reg_4435              |   19|   0|   19|          0|
    |add_ln28_64_reg_4457              |   20|   0|   20|          0|
    |add_ln28_65_reg_4462              |   18|   0|   18|          0|
    |add_ln28_66_reg_4504              |   19|   0|   19|          0|
    |add_ln28_67_reg_4488              |   18|   0|   18|          0|
    |add_ln28_68_reg_4520              |   18|   0|   18|          0|
    |add_ln28_69_reg_4535              |   19|   0|   19|          0|
    |add_ln28_6_reg_3301               |   19|   0|   19|          0|
    |add_ln28_70_reg_4557              |   20|   0|   20|          0|
    |add_ln28_71_reg_4573              |   21|   0|   21|          0|
    |add_ln28_72_reg_4593              |   22|   0|   22|          0|
    |add_ln28_73_reg_4578              |   18|   0|   18|          0|
    |add_ln28_74_reg_4620              |   19|   0|   19|          0|
    |add_ln28_75_reg_4636              |   18|   0|   18|          0|
    |add_ln28_76_reg_4673              |   19|   0|   19|          0|
    |add_ln28_77_reg_4689              |   20|   0|   20|          0|
    |add_ln28_78_reg_4694              |   18|   0|   18|          0|
    |add_ln28_79_reg_4731              |   19|   0|   19|          0|
    |add_ln28_7_reg_3317               |   18|   0|   18|          0|
    |add_ln28_80_reg_4747              |   18|   0|   18|          0|
    |add_ln28_81_reg_4784              |   19|   0|   19|          0|
    |add_ln28_82_reg_4800              |   20|   0|   20|          0|
    |add_ln28_83_reg_4820              |   21|   0|   21|          0|
    |add_ln28_84_reg_4805              |   18|   0|   18|          0|
    |add_ln28_85_reg_4847              |   19|   0|   19|          0|
    |add_ln28_86_reg_4868              |   18|   0|   18|          0|
    |add_ln28_87_reg_4910              |   19|   0|   19|          0|
    |add_ln28_88_reg_4932              |   20|   0|   20|          0|
    |add_ln28_89_reg_4937              |   18|   0|   18|          0|
    |add_ln28_8_reg_3354               |   19|   0|   19|          0|
    |add_ln28_90_reg_4963              |   19|   0|   19|          0|
    |add_ln28_91_reg_4958              |   18|   0|   18|          0|
    |add_ln28_92_reg_4968              |   18|   0|   18|          0|
    |add_ln28_93_reg_4973              |   19|   0|   19|          0|
    |add_ln28_94_reg_4978              |   20|   0|   20|          0|
    |add_ln28_95_reg_4983              |   21|   0|   21|          0|
    |add_ln28_96_reg_4988              |   22|   0|   22|          0|
    |add_ln28_97_reg_4993              |   23|   0|   23|          0|
    |add_ln28_9_reg_3370               |   20|   0|   20|          0|
    |add_ln28_reg_3153                 |   18|   0|   18|          0|
    |ap_CS_fsm                         |  100|   0|  100|          0|
    |ap_done_reg                       |    1|   0|    1|          0|
    |ap_enable_reg_pp0_iter0_reg       |    1|   0|    1|          0|
    |ap_enable_reg_pp0_iter1           |    1|   0|    1|          0|
    |ap_loop_exit_ready_pp0_iter1_reg  |    1|   0|    1|          0|
    |diff_10_reg_3216                  |    9|   0|    9|          0|
    |diff_11_reg_3238                  |    9|   0|    9|          0|
    |diff_12_reg_3322                  |    9|   0|    9|          0|
    |diff_13_reg_3274                  |    9|   0|    9|          0|
    |diff_14_reg_3296                  |    9|   0|    9|          0|
    |diff_15_reg_3380                  |    9|   0|    9|          0|
    |diff_16_reg_3327                  |    9|   0|    9|          0|
    |diff_17_reg_3349                  |    9|   0|    9|          0|
    |diff_18_reg_3459                  |    9|   0|    9|          0|
    |diff_19_reg_3385                  |    9|   0|    9|          0|
    |diff_1_reg_3115                   |    9|   0|    9|          0|
    |diff_20_reg_3412                  |    9|   0|    9|          0|
    |diff_21_reg_3428                  |    9|   0|    9|          0|
    |diff_22_reg_3449                  |    9|   0|    9|          0|
    |diff_23_reg_3470                  |    9|   0|    9|          0|
    |diff_24_reg_3497                  |    9|   0|    9|          0|
    |diff_25_reg_3570                  |    9|   0|    9|          0|
    |diff_26_reg_3523                  |    9|   0|    9|          0|
    |diff_27_reg_3544                  |    9|   0|    9|          0|
    |diff_28_reg_3628                  |    9|   0|    9|          0|
    |diff_29_reg_3575                  |    9|   0|    9|          0|
    |diff_2_reg_3099                   |    9|   0|    9|          0|
    |diff_30_reg_3597                  |    9|   0|    9|          0|
    |diff_31_reg_3686                  |    9|   0|    9|          0|
    |diff_32_reg_3633                  |    9|   0|    9|          0|
    |diff_33_reg_3660                  |    9|   0|    9|          0|
    |diff_34_reg_3744                  |    9|   0|    9|          0|
    |diff_35_reg_3691                  |    9|   0|    9|          0|
    |diff_36_reg_3713                  |    9|   0|    9|          0|
    |diff_37_reg_3797                  |    9|   0|    9|          0|
    |diff_38_reg_3749                  |    9|   0|    9|          0|
    |diff_39_reg_3771                  |    9|   0|    9|          0|
    |diff_3_reg_3158                   |    9|   0|    9|          0|
    |diff_40_reg_3855                  |    9|   0|    9|          0|
    |diff_41_reg_3802                  |    9|   0|    9|          0|
    |diff_42_reg_3824                  |    9|   0|    9|          0|
    |diff_43_reg_3934                  |    9|   0|    9|          0|
    |diff_44_reg_3860                  |    9|   0|    9|          0|
    |diff_45_reg_3887                  |    9|   0|    9|          0|
    |diff_46_reg_3903                  |    9|   0|    9|          0|
    |diff_47_reg_3924                  |    9|   0|    9|          0|
    |diff_48_reg_3945                  |    9|   0|    9|          0|
    |diff_49_reg_3972                  |    9|   0|    9|          0|
    |diff_4_reg_3120                   |    9|   0|    9|          0|
    |diff_50_reg_4045                  |    9|   0|    9|          0|
    |diff_51_reg_3998                  |    9|   0|    9|          0|
    |diff_52_reg_4019                  |    9|   0|    9|          0|
    |diff_53_reg_4103                  |    9|   0|    9|          0|
    |diff_54_reg_4050                  |    9|   0|    9|          0|
    |diff_55_reg_4072                  |    9|   0|    9|          0|
    |diff_56_reg_4166                  |    9|   0|    9|          0|
    |diff_57_reg_4108                  |    9|   0|    9|          0|
    |diff_58_reg_4135                  |    9|   0|    9|          0|
    |diff_59_reg_4224                  |    9|   0|    9|          0|
    |diff_5_reg_3137                   |    9|   0|    9|          0|
    |diff_60_reg_4171                  |    9|   0|    9|          0|
    |diff_61_reg_4193                  |    9|   0|    9|          0|
    |diff_62_reg_4277                  |    9|   0|    9|          0|
    |diff_63_reg_4229                  |    9|   0|    9|          0|
    |diff_64_reg_4251                  |    9|   0|    9|          0|
    |diff_65_reg_4335                  |    9|   0|    9|          0|
    |diff_66_reg_4282                  |    9|   0|    9|          0|
    |diff_67_reg_4304                  |    9|   0|    9|          0|
    |diff_68_reg_4414                  |    9|   0|    9|          0|
    |diff_69_reg_4340                  |    9|   0|    9|          0|
    |diff_6_reg_3211                   |    9|   0|    9|          0|
    |diff_70_reg_4367                  |    9|   0|    9|          0|
    |diff_71_reg_4383                  |    9|   0|    9|          0|
    |diff_72_reg_4404                  |    9|   0|    9|          0|
    |diff_73_reg_4425                  |    9|   0|    9|          0|
    |diff_74_reg_4452                  |    9|   0|    9|          0|
    |diff_75_reg_4525                  |    9|   0|    9|          0|
    |diff_76_reg_4478                  |    9|   0|    9|          0|
    |diff_77_reg_4499                  |    9|   0|    9|          0|
    |diff_78_reg_4583                  |    9|   0|    9|          0|
    |diff_79_reg_4530                  |    9|   0|    9|          0|
    |diff_7_reg_3163                   |    9|   0|    9|          0|
    |diff_80_reg_4552                  |    9|   0|    9|          0|
    |diff_81_reg_4641                  |    9|   0|    9|          0|
    |diff_82_reg_4588                  |    9|   0|    9|          0|
    |diff_83_reg_4615                  |    9|   0|    9|          0|
    |diff_84_reg_4699                  |    9|   0|    9|          0|
    |diff_85_reg_4646                  |    9|   0|    9|          0|
    |diff_86_reg_4668                  |    9|   0|    9|          0|
    |diff_87_reg_4752                  |    9|   0|    9|          0|
    |diff_88_reg_4704                  |    9|   0|    9|          0|
    |diff_89_reg_4726                  |    9|   0|    9|          0|
    |diff_8_reg_3185                   |    9|   0|    9|          0|
    |diff_90_reg_4810                  |    9|   0|    9|          0|
    |diff_91_reg_4757                  |    9|   0|    9|          0|
    |diff_92_reg_4779                  |    9|   0|    9|          0|
    |diff_93_reg_4889                  |    9|   0|    9|          0|
    |diff_94_reg_4815                  |    9|   0|    9|          0|
    |diff_95_reg_4842                  |    9|   0|    9|          0|
    |diff_96_reg_4858                  |    9|   0|    9|          0|
    |diff_97_reg_4879                  |    9|   0|    9|          0|
    |diff_98_reg_4900                  |    9|   0|    9|          0|
    |diff_99_reg_4927                  |    9|   0|    9|          0|
    |diff_9_reg_3269                   |    9|   0|    9|          0|
    |diff_reg_3079                     |    9|   0|    9|          0|
    |icmp_ln13_reg_3089                |    1|   0|    1|          0|
    |icmp_ln13_reg_3089_pp0_iter1_reg  |    1|   0|    1|          0|
    |indvar_flatten2_fu_82             |   14|   0|   14|          0|
    |mul_ln28_14_reg_3254              |   18|   0|   18|          0|
    |mul_ln28_15_reg_3518              |   18|   0|   18|          0|
    |mul_ln28_16_reg_4430              |   18|   0|   18|          0|
    |mul_ln28_20_reg_4684              |   18|   0|   18|          0|
    |mul_ln28_22_reg_3433              |   18|   0|   18|          0|
    |mul_ln28_24_reg_3560              |   18|   0|   18|          0|
    |mul_ln28_27_reg_4088              |   18|   0|   18|          0|
    |mul_ln28_2_reg_4948               |   18|   0|   18|          0|
    |mul_ln28_31_reg_3908              |   18|   0|   18|          0|
    |mul_ln28_35_reg_4863              |   18|   0|   18|          0|
    |mul_ln28_43_reg_4267              |   18|   0|   18|          0|
    |mul_ln28_45_reg_4905              |   18|   0|   18|          0|
    |mul_ln28_56_reg_4320              |   18|   0|   18|          0|
    |mul_ln28_57_reg_4795              |   18|   0|   18|          0|
    |mul_ln28_58_reg_4515              |   18|   0|   18|          0|
    |mul_ln28_5_reg_3312               |   18|   0|   18|          0|
    |mul_ln28_61_reg_3201              |   18|   0|   18|          0|
    |mul_ln28_62_reg_3950              |   18|   0|   18|          0|
    |mul_ln28_63_reg_4568              |   18|   0|   18|          0|
    |mul_ln28_66_reg_4209              |   18|   0|   18|          0|
    |mul_ln28_70_reg_4742              |   18|   0|   18|          0|
    |mul_ln28_73_reg_3787              |   18|   0|   18|          0|
    |mul_ln28_76_reg_3365              |   18|   0|   18|          0|
    |mul_ln28_77_reg_3676              |   18|   0|   18|          0|
    |mul_ln28_78_reg_4473              |   18|   0|   18|          0|
    |mul_ln28_7_reg_3475               |   18|   0|   18|          0|
    |mul_ln28_81_reg_4631              |   18|   0|   18|          0|
    |mul_ln28_82_reg_3613              |   18|   0|   18|          0|
    |mul_ln28_83_reg_4388              |   18|   0|   18|          0|
    |mul_ln28_85_reg_3993              |   18|   0|   18|          0|
    |mul_ln28_87_reg_4156              |   18|   0|   18|          0|
    |mul_ln28_89_reg_3840              |   18|   0|   18|          0|
    |mul_ln28_93_reg_3104              |   18|   0|   18|          0|
    |mul_ln28_96_reg_4035              |   18|   0|   18|          0|
    |mul_ln28_97_reg_3729              |   18|   0|   18|          0|
    |mul_ln28_9_reg_3148               |   18|   0|   18|          0|
    |reg_110                           |    8|   0|    8|          0|
    |reg_114                           |    8|   0|    8|          0|
    |reg_118                           |    8|   0|    8|          0|
    |reg_122                           |    8|   0|    8|          0|
    |reg_126                           |    8|   0|    8|          0|
    |reg_130                           |    8|   0|    8|          0|
    |result_reg_5008                   |   16|   0|   16|          0|
    |rsum_reg_4998                     |   24|   0|   24|          0|
    +----------------------------------+-----+----+-----+-----------+
    |Total                             | 3648|   0| 3648|          0|
    +----------------------------------+-----+----+-----+-----------+



================================================================
== Interface
================================================================
* Summary: 
+----------------------------+-----+-----+------------+----------------------------+--------------+
|          RTL Ports         | Dir | Bits|  Protocol  |        Source Object       |    C Type    |
+----------------------------+-----+-----+------------+----------------------------+--------------+
|s_axi_control_AWVALID       |   in|    1|       s_axi|                     control|   return void|
|s_axi_control_AWREADY       |  out|    1|       s_axi|                     control|   return void|
|s_axi_control_AWADDR        |   in|    4|       s_axi|                     control|   return void|
|s_axi_control_WVALID        |   in|    1|       s_axi|                     control|   return void|
|s_axi_control_WREADY        |  out|    1|       s_axi|                     control|   return void|
|s_axi_control_WDATA         |   in|   32|       s_axi|                     control|   return void|
|s_axi_control_WSTRB         |   in|    4|       s_axi|                     control|   return void|
|s_axi_control_ARVALID       |   in|    1|       s_axi|                     control|   return void|
|s_axi_control_ARREADY       |  out|    1|       s_axi|                     control|   return void|
|s_axi_control_ARADDR        |   in|    4|       s_axi|                     control|   return void|
|s_axi_control_RVALID        |  out|    1|       s_axi|                     control|   return void|
|s_axi_control_RREADY        |   in|    1|       s_axi|                     control|   return void|
|s_axi_control_RDATA         |  out|   32|       s_axi|                     control|   return void|
|s_axi_control_RRESP         |  out|    2|       s_axi|                     control|   return void|
|s_axi_control_BVALID        |  out|    1|       s_axi|                     control|   return void|
|s_axi_control_BREADY        |   in|    1|       s_axi|                     control|   return void|
|s_axi_control_BRESP         |  out|    2|       s_axi|                     control|   return void|
|ap_clk                      |   in|    1|  ap_ctrl_hs|              match_template|  return value|
|ap_rst_n                    |   in|    1|  ap_ctrl_hs|              match_template|  return value|
|interrupt                   |  out|    1|  ap_ctrl_hs|              match_template|  return value|
|img_in_data_dout            |   in|    8|     ap_fifo|                 img_in_data|       pointer|
|img_in_data_empty_n         |   in|    1|     ap_fifo|                 img_in_data|       pointer|
|img_in_data_read            |  out|    1|     ap_fifo|                 img_in_data|       pointer|
|img_template_data_dout      |   in|    8|     ap_fifo|           img_template_data|       pointer|
|img_template_data_empty_n   |   in|    1|     ap_fifo|           img_template_data|       pointer|
|img_template_data_read      |  out|    1|     ap_fifo|           img_template_data|       pointer|
|img_out_data_din            |  out|   16|     ap_fifo|                img_out_data|       pointer|
|img_out_data_full_n         |   in|    1|     ap_fifo|                img_out_data|       pointer|
|img_out_data_write          |  out|    1|     ap_fifo|                img_out_data|       pointer|
|img_in_allocatedFlag        |   in|    8|     ap_none|        img_in_allocatedFlag|       pointer|
|img_in_rows                 |   in|   32|     ap_none|                 img_in_rows|       pointer|
|img_in_cols                 |   in|   32|     ap_none|                 img_in_cols|       pointer|
|img_in_size                 |   in|   32|     ap_none|                 img_in_size|       pointer|
|img_template_allocatedFlag  |   in|    8|     ap_none|  img_template_allocatedFlag|       pointer|
|img_template_rows           |   in|   32|     ap_none|           img_template_rows|       pointer|
|img_template_cols           |   in|   32|     ap_none|           img_template_cols|       pointer|
|img_template_size           |   in|   32|     ap_none|           img_template_size|       pointer|
|img_out_allocatedFlag       |   in|    8|     ap_none|       img_out_allocatedFlag|       pointer|
|img_out_rows                |   in|   32|     ap_none|                img_out_rows|       pointer|
|img_out_cols                |   in|   32|     ap_none|                img_out_cols|       pointer|
|img_out_size                |   in|   32|     ap_none|                img_out_size|       pointer|
+----------------------------+-----+-----+------------+----------------------------+--------------+

